---
source: tests/cli.rs
expression: "stdout(&w.run(\"boss\", &[\"help\"]))"
---
hail — messages between coding agents on one machine

Send (the body is everything after the first line):
  hail <seat> <kind> <<'EOF'      Write the message to the seat's inbox and
  <headline>                      type a one-line envelope into its agent's
  <body…>                         pane. Prints id=<id>.
  EOF
  hail <seat> <kind> '<headline>' Headline only; no body.
  sent <id>                       Receipt: delivered | injected <t> | read <t> | inline <t> | unknown
  await <id>... [--timeout S]     Block until every id (--any: any id) has a receipt

Receive:
  brief                           What you owe, what you were sent, holds in effect
  inbox [--peek] [--all]          Unread bodies (the hook usually delivers them)
  show <id>                       One message by id, from any seat

Seats (a seat is the workspace directory an agent works in):
  whoami                          This directory's seat
  seats [seat]                    Every seat: agent panes, unread, open obligations
  list                            Every tmux pane with its seat

Panes (for shells and processes, not agents):
  read <pane|seat> [N]  ·  type <pane|seat> <text>  ·  keys <pane|seat> <key>...

Tool:
  setup [--check] [--yes]         Install the Claude Code and Codex hooks
  doctor                          Check everything; each problem names its fix
  migrate [--revert]              One-time import of 0.3 state
  gc [--days N]                   Archive read mail older than N days (default 90)
  help [topic] · version          Topics: send kinds receive seats panes setup state

Examples:
  hail murail-1b ask --bead murail-ke7is <<'EOF'
  Review src/auth.ts against murail-ke7is; verdict on the bead
  The refresh path is auth/refresh.rs:40-120.
  EOF
  hail murail-1a done --re 1006T171200-a3f1 'committed on abc123'
  hail await 1006T171200-a3f1 --timeout 900
