---
source: tests/cli.rs
expression: "stdout(&w.run(\"boss\", &[\"help\", \"send\"]))"
---
hail send — deliver a message to a seat

  hail <seat> <kind> [options] <<'EOF'
  <headline: the ask and the why, one line>
  <body: any detail, any length; optional>
  EOF
  hail <seat> <kind> '<headline>' [options]

<seat> is a workspace name (murail-1b), a sub-seat in a shared directory
(hail@%28), a pane (%7, or murail-1a/%5 as from: prints it), or a sub-agent
(murail-2b/scout), whose mail goes to its parent marked for: and is relayed.
'hail seats' lists them. With a headline argument
stdin is never read. In a heredoc, quote the delimiter (<<'EOF') so nothing
in the body is expanded.

Options:
  --re <id>       The message this answers, closes (done) or lifts (release)
  --bead <id>     Cite a beads issue; the body is also posted with 'bd comment'.
                  An issue id in the headline is detected.
  --scope <s>     What it applies to: a bead, ref, path or action (one line)
  --no-submit     Type the envelope but do not press Enter
  --force         Skip the dialog guard. Only after 'hail read <seat> 10'.
  --as <name>     Sign as your sub-agent <seat>/<name>; replies come back for it.

The headline is capped at HAIL_ENVELOPE_MAX characters (400). A longer one is
folded at a sentence boundary and the full text rides in the body; a control
kind (stop hold block release announce) is refused instead (exit 2). Write
plain sentences.

Envelope typed into the recipient's pane:
  [hail kind:<k> from:<seat>/<pane> reply:<seat> id:<id> [for:] [bead:] [re:] [scope:]] <headline>[ — hail inbox]
Reply to the reply: value. for:<name> marks mail for your sub-agent: relay it.

An fyi is quiet: it is not typed, and arrives with the recipient's next prompt
(typed as before where their hooks have never run). Progress belongs on the
bead instead: hail note <bead> '<headline>' (body on stdin) posts a bd comment
signed with your seat and messages nobody.

Exit: 0 typed and submitted, or a quiet fyi; 5 written to the inbox but not
typed (no agent pane, or typing not confirmed): do NOT resend, it arrives on
their next prompt; 3 seat problem; 4 the target shows a permission dialog.

The 0.3 form still works: hail <target> '<headline>' --kind <k> [--body text|file|-]
